[     198ms] [LOG] [Fast Refresh] rebuilding @ https://us-assets.i.posthog.com/static/posthog-recorder.js?v=1.379.0:0
[     629ms] [LOG] [Fast Refresh] rebuilding @ https://us-assets.i.posthog.com/static/posthog-recorder.js?v=1.379.0:0
[     986ms] [INFO] %cDownload the React DevTools for a better development experience: https://react.dev/link/react-devtools font-weight:bold @ http://localhost:3001/_next/static/chunks/node_modules_next_dist_compiled_react-dom_1f56dc._.js:13948
[    1020ms] [LOG] [Fast Refresh] rebuilding @ http://localhost:3001/_next/static/chunks/node_modules_next_dist_client_523921._.js:13662
[    9319ms] [LOG] [Fast Refresh] rebuilding @ https://us-assets.i.posthog.com/static/posthog-recorder.js?v=1.379.0:0
[   27262ms] [LOG] [Fast Refresh] rebuilding @ https://us-assets.i.posthog.com/static/posthog-recorder.js?v=1.379.0:0
[   27362ms] [LOG] [Fast Refresh] rebuilding @ https://us-assets.i.posthog.com/static/posthog-recorder.js?v=1.379.0:0
[   27743ms] [LOG] [Fast Refresh] rebuilding @ https://us-assets.i.posthog.com/static/posthog-recorder.js?v=1.379.0:0
[   27850ms] [LOG] [Fast Refresh] rebuilding @ https://us-assets.i.posthog.com/static/posthog-recorder.js?v=1.379.0:0
[  120306ms] [LOG] [Fast Refresh] rebuilding @ https://us-assets.i.posthog.com/static/posthog-recorder.js?v=1.379.0:0
[  120714ms] [LOG] [Fast Refresh] rebuilding @ https://us-assets.i.posthog.com/static/posthog-recorder.js?v=1.379.0:0
[  120982ms] [LOG] [Fast Refresh] rebuilding @ https://us-assets.i.posthog.com/static/posthog-recorder.js?v=1.379.0:0
[  124299ms] [LOG] [Fast Refresh] rebuilding @ https://us-assets.i.posthog.com/static/posthog-recorder.js?v=1.379.0:0
[  124488ms] [LOG] [Fast Refresh] rebuilding @ https://us-assets.i.posthog.com/static/posthog-recorder.js?v=1.379.0:0
[  147605ms] [LOG] [Fast Refresh] rebuilding @ https://us-assets.i.posthog.com/static/posthog-recorder.js?v=1.379.0:0
[  147925ms] [LOG] [Fast Refresh] rebuilding @ https://us-assets.i.posthog.com/static/posthog-recorder.js?v=1.379.0:0
[  148109ms] [LOG] [Fast Refresh] rebuilding @ https://us-assets.i.posthog.com/static/posthog-recorder.js?v=1.379.0:0
[  158169ms] [LOG] [Fast Refresh] rebuilding @ https://us-assets.i.posthog.com/static/posthog-recorder.js?v=1.379.0:0
[  169586ms] [LOG] [Fast Refresh] rebuilding @ https://us-assets.i.posthog.com/static/posthog-recorder.js?v=1.379.0:0
[  181513ms] [LOG] [Fast Refresh] rebuilding @ https://us-assets.i.posthog.com/static/posthog-recorder.js?v=1.379.0:0
[  188460ms] [LOG] [Fast Refresh] rebuilding @ https://us-assets.i.posthog.com/static/posthog-recorder.js?v=1.379.0:0
[  202443ms] [LOG] [Fast Refresh] rebuilding @ https://us-assets.i.posthog.com/static/posthog-recorder.js?v=1.379.0:0
[  205541ms] [LOG] [Fast Refresh] rebuilding @ https://us-assets.i.posthog.com/static/posthog-recorder.js?v=1.379.0:0
[  208815ms] [LOG] [Fast Refresh] rebuilding @ https://us-assets.i.posthog.com/static/posthog-recorder.js?v=1.379.0:0
[  220031ms] [LOG] [Fast Refresh] rebuilding @ https://us-assets.i.posthog.com/static/posthog-recorder.js?v=1.379.0:0
[  220270ms] [LOG] [Fast Refresh] rebuilding @ https://us-assets.i.posthog.com/static/posthog-recorder.js?v=1.379.0:0
